09-26 07:30:01.346  3194  3194 W ziparchive: Unable to open '/data/app/~~NhrycEVacEIrTuYoyFqgrg==/com.didacquiz.app-fX-x2-Fcfylvjrdw9CZx2w==/base.dm': No such file or directory
09-26 07:30:01.346  3194  3194 W ziparchive: Unable to open '/data/app/~~NhrycEVacEIrTuYoyFqgrg==/com.didacquiz.app-fX-x2-Fcfylvjrdw9CZx2w==/base.dm': No such file or directory
09-26 07:30:01.373  3194  3231 I artd    : Running dex2oat: /apex/com.android.art/bin/art_exec --drop-capabilities --set-task-profile=Dex2OatBootComplete --set-priority=background --keep-fds=7:8:9:10:11:12 -- /apex/com.android.art/bin/dex2oat64 --zip-fd=7 --zip-location=/data/app/~~NhrycEVacEIrTuYoyFqgrg==/com.didacquiz.app-fX-x2-Fcfylvjrdw9CZx2w==/base.apk --oat-fd=8 --oat-location=/data/app/~~NhrycEVacEIrTuYoyFqgrg==/com.didacquiz.app-fX-x2-Fcfylvjrdw9CZx2w==/oat/x86_64/base.odex --output-vdex-fd=9 --swap-fd=10 --class-loader-context-fds=11:12 --class-loader-context=PCL[]{PCL[/system_ext/framework/androidx.window.extensions.jar]#PCL[/system_ext/framework/androidx.window.sidecar.jar]} --classpath-dir=/data/app/~~NhrycEVacEIrTuYoyFqgrg==/com.didacquiz.app-fX-x2-Fcfylvjrdw9CZx2w== --instruction-set=x86_64 --instruction-set-features=default --instruction-set-variant=x86_64 --compiler-filter=verify --compilation-reason=install --compact-dex-level=none --max-image-block-size=524288 --resolve-startup-const-strings=true --generate-mini-debug-info --runtime-arg -Xtarget-sdk-version:36 --runtime-arg -Xhidden-api-policy:enabled --runtime-arg -Xms64m --runtime-arg -Xmx512m --comments=app-version-name:0.1.0,app-version-code:1,art-version:340818082
09-26 07:30:01.373  3194  3231 I artd    : Opened FDs: 7:/data/app/~~NhrycEVacEIrTuYoyFqgrg==/com.didacquiz.app-fX-x2-Fcfylvjrdw9CZx2w==/base.apk 8:/data/app/~~NhrycEVacEIrTuYoyFqgrg==/com.didacquiz.app-fX-x2-Fcfylvjrdw9CZx2w==/oat/x86_64/base.odex.8Ho54y.tmp 9:/data/app/~~NhrycEVacEIrTuYoyFqgrg==/com.didacquiz.app-fX-x2-Fcfylvjrdw9CZx2w==/oat/x86_64/base.vdex.ROghdA.tmp 10:/data/app/~~NhrycEVacEIrTuYoyFqgrg==/com.didacquiz.app-fX-x2-Fcfylvjrdw9CZx2w==/oat/x86_64/base.odex.swap.c7Feq6.tmp 11:/system_ext/framework/androidx.window.sidecar.jar 12:/system_ext/framework/androidx.window.extensions.jar 
09-26 07:30:01.421  3234  3234 W dex2oat64: /apex/com.android.art/bin/dex2oat64 --zip-fd=7 --zip-location=/data/app/~~NhrycEVacEIrTuYoyFqgrg==/com.didacquiz.app-fX-x2-Fcfylvjrdw9CZx2w==/base.apk --oat-fd=8 --oat-location=/data/app/~~NhrycEVacEIrTuYoyFqgrg==/com.didacquiz.app-fX-x2-Fcfylvjrdw9CZx2w==/oat/x86_64/base.odex --output-vdex-fd=9 --swap-fd=10 --class-loader-context-fds=11:12 --class-loader-context=PCL[]{PCL[/system_ext/framework/androidx.window.extensions.jar]#PCL[/system_ext/framework/androidx.window.sidecar.jar]} --classpath-dir=/data/app/~~NhrycEVacEIrTuYoyFqgrg==/com.didacquiz.app-fX-x2-Fcfylvjrdw9CZx2w== --instruction-set=x86_64 --instruction-set-features=default --instruction-set-variant=x86_64 --compiler-filter=verify --compilation-reason=install --compact-dex-level=none --max-image-block-size=524288 --resolve-startup-const-strings=true --generate-mini-debug-info --runtime-arg -Xtarget-sdk-version:36 --runtime-arg -Xhidden-api-policy:enabled --runtime-arg -Xms64m --runtime-arg -Xmx512m --comments=app-version-name:0.1.0,app-version-code:1,art-version:340818082
09-26 07:30:01.421  3234  3234 I dex2oat64: /apex/com.android.art/bin/dex2oat64 --output-vdex-fd=9 --class-loader-context-fds=11:12 --class-loader-context=PCL[]{PCL[/system_ext/framework/androidx.window.extensions.jar]#PCL[/system_ext/framework/androidx.window.sidecar.jar]} --classpath-dir=/data/app/~~NhrycEVacEIrTuYoyFqgrg==/com.didacquiz.app-fX-x2-Fcfylvjrdw9CZx2w== --compiler-filter=verify --compilation-reason=install --compact-dex-level=none --max-image-block-size=524288 --resolve-startup-const-strings=true --generate-mini-debug-info --comments=app-version-name:0.1.0,app-version-code:1,art-version:340818082
09-26 07:30:02.759   520   575 I ArtService: Dexopt result: [packageName = com.didacquiz.app] DexContainerFileDexoptResult{dexContainerFile=/data/app/~~NhrycEVacEIrTuYoyFqgrg==/com.didacquiz.app-fX-x2-Fcfylvjrdw9CZx2w==/base.apk, primaryAbi=true, abi=x86_64, actualCompilerFilter=verify, status=PERFORMED, dex2oatWallTimeMillis=1391, dex2oatCpuTimeMillis=600, sizeBytes=5427456, sizeBeforeBytes=0}
09-26 07:30:02.777   520   575 V BackupManagerService: [UserID:0] restoreAtInstall pkg=com.didacquiz.app token=1 restoreSet=0
09-26 07:30:03.734  3378  3378 W Monkey  : args: [-p, com.didacquiz.app, -c, android.intent.category.LAUNCHER, 1]
09-26 07:30:03.735  3378  3378 W Monkey  :  arg: "com.didacquiz.app"
09-26 07:30:03.735  3378  3378 W Monkey  : data="com.didacquiz.app"
09-26 07:30:03.850   842   877 V WindowManagerShell: Transition requested: android.os.BinderProxy@7297239 TransitionRequestInfo { type = OPEN, triggerTask = TaskInfo{userId=0 taskId=8 displayId=0 isRunning=true baseIntent=Intent { act=android.intent.action.MAIN cat=[android.intent.category.LAUNCHER] flg=0x10200000 cmp=com.didacquiz.app/com.didacquiz.didac_quiz.MainActivity } baseActivity=ComponentInfo{com.didacquiz.app/com.didacquiz.didac_quiz.MainActivity} topActivity=ComponentInfo{com.didacquiz.app/com.didacquiz.didac_quiz.MainActivity} origActivity=null realActivity=ComponentInfo{com.didacquiz.app/com.didacquiz.didac_quiz.MainActivity} numActivities=1 lastActiveTime=55202 supportsMultiWindow=true resizeMode=1 isResizeable=true minWidth=-1 minHeight=-1 defaultMinSize=220 token=WCT{android.window.IWindowContainerToken$Stub$Proxy@e89307e} topActivityType=1 pictureInPictureParams=null shouldDockBigOverlays=false launchIntoPipHostTaskId=-1 lastParentTaskIdBeforePip=-1 displayCutoutSafeInsets=null topActivityInfo=ActivityInfo{ca439df com.didacquiz.didac_quiz.MainActivity} launchCookies=[] positionInParent=Point(0, 0) parentTaskId=-1 isFocused=false isVisible=false isVisibleRequested=false isSleeping=false topActivityInSizeCompat=false topActivityEligibleForLetterboxEducation= false topActivityLetterboxed= false isFromDoubleTap= false topActivityLetterboxVerticalPosition= -1 topActivityLetterboxHorizontalPosition= -1 topActivityLetterboxWidth=-1 topActivityLetterboxHeight=-1 locusId=null displayAreaFeatureId=1 cameraCompatControlState=hidden}, remoteTransition = null, displayChange = null }
09-26 07:30:03.851   520  1470 I ActivityTaskManager: START u0 {act=android.intent.action.MAIN cat=[android.intent.category.LAUNCHER] flg=0x10200000 cmp=com.didacquiz.app/com.didacquiz.didac_quiz.MainActivity} with LAUNCH_SINGLE_TOP from uid 2000 (BAL_ALLOW_PERMISSION) result code=0
09-26 07:30:03.866   520   550 I ActivityManager: Start proc 3487:com.didacquiz.app/u0a192 for next-top-activity {com.didacquiz.app/com.didacquiz.didac_quiz.MainActivity}
09-26 07:30:03.908  1055  1055 D CarrierSvcBindHelper: onPackageAdded: com.didacquiz.app
09-26 07:30:03.933   520  1470 D CoreBackPreview: Window{cbf5bd5 u0 Splash Screen com.didacquiz.app}: Setting back callback OnBackInvokedCallbackInfo{mCallback=android.window.IOnBackInvokedCallback$Stub$Proxy@c3c2228, mPriority=0, mIsAnimationCallback=false}
09-26 07:30:03.980  1055  1347 D ImsResolver: maybeAddedImsService, packageName: com.didacquiz.app
09-26 07:30:03.985  3487  3487 I m.didacquiz.app: Using CollectorTypeCC GC.
09-26 07:30:03.985  3487  3487 W m.didacquiz.app: Unexpected CPU variant for x86: x86_64.
09-26 07:30:03.985  3487  3487 W m.didacquiz.app: Known variants: atom, sandybridge, silvermont, goldmont, goldmont-plus, tremont, kabylake, default
09-26 07:30:03.991  3487  3487 E m.didacquiz.app: Not starting debugger since process cannot load the jdwp agent.
09-26 07:30:04.148  3487  3487 D nativeloader: Configuring clns-6 for other apk /data/app/~~NhrycEVacEIrTuYoyFqgrg==/com.didacquiz.app-fX-x2-Fcfylvjrdw9CZx2w==/base.apk. target_sdk_version=36, uses_libraries=, library_path=/data/app/~~NhrycEVacEIrTuYoyFqgrg==/com.didacquiz.app-fX-x2-Fcfylvjrdw9CZx2w==/lib/x86_64:/data/app/~~NhrycEVacEIrTuYoyFqgrg==/com.didacquiz.app-fX-x2-Fcfylvjrdw9CZx2w==/base.apk!/lib/x86_64, permitted_path=/data:/mnt/expand:/data/user/0/com.didacquiz.app
09-26 07:30:04.195  3487  3487 V GraphicsEnvironment: ANGLE GameManagerService for com.didacquiz.app: false
09-26 07:30:04.196  3487  3487 V GraphicsEnvironment: com.didacquiz.app is not listed in per-application setting
09-26 07:30:04.223   520   539 V WindowManager: Sent Transition #6 createdAt=09-26 07:30:03.823 via request=TransitionRequestInfo { type = OPEN, triggerTask = TaskInfo{userId=0 taskId=8 displayId=0 isRunning=true baseIntent=Intent { act=android.intent.action.MAIN cat=[android.intent.category.LAUNCHER] flg=0x10200000 cmp=com.didacquiz.app/com.didacquiz.didac_quiz.MainActivity } baseActivity=ComponentInfo{com.didacquiz.app/com.didacquiz.didac_quiz.MainActivity} topActivity=ComponentInfo{com.didacquiz.app/com.didacquiz.didac_quiz.MainActivity} origActivity=null realActivity=ComponentInfo{com.didacquiz.app/com.didacquiz.didac_quiz.MainActivity} numActivities=1 lastActiveTime=55202 supportsMultiWindow=true resizeMode=1 isResizeable=true minWidth=-1 minHeight=-1 defaultMinSize=220 token=WCT{RemoteToken{48e333d Task{7e8c1a9 #8 type=standard I=com.didacquiz.app/com.didacquiz.didac_quiz.MainActivity}}} topActivityType=1 pictureInPictureParams=null shouldDockBigOverlays=false launchIntoPipHostTaskId=-1 lastParentTaskIdBeforePip=-1 displayCutoutSafeInsets=null topActivityInfo=ActivityInfo{2569732 com.didacquiz.didac_quiz.MainActivity} launchCookies=[] positionInParent=Point(0, 0) parentTaskId=-1 isFocused=false isVisible=false isVisibleRequested=false isSleeping=false topActivityInSizeCompat=false topActivityEligibleForLetterboxEducation= false topActivityLetterboxed= false isFromDoubleTap= false topActivityLetterboxVerticalPosition= -1 topActivityLetterboxHorizontalPosition= -1 topActivityLetterboxWidth=-1 topActivityLetterboxHeight=-1 locusId=null displayAreaFeatureId=1 cameraCompatControlState=hidden}, remoteTransition = null, displayChange = null }
09-26 07:30:04.223   520   539 V WindowManager:     info={id=6 t=OPEN f=0x0 trk=0 r=[0@Point(0, 0)] c=[{WCT{RemoteToken{48e333d Task{7e8c1a9 #8 type=standard I=com.didacquiz.app/com.didacquiz.didac_quiz.MainActivity}}} m=OPEN f=NONE leash=Surface(name=Task=8)/@0xec7dbef sb=Rect(0, 0 - 320, 640) eb=Rect(0, 0 - 320, 640) d=0},{WCT{RemoteToken{39bcc83 Task{2a7bf56 #1 type=home}}} m=TO_BACK f=SHOW_WALLPAPER leash=Surface(name=Task=1)/@0x98c864b sb=Rect(0, 0 - 320, 640) eb=Rect(0, 0 - 320, 640) d=0}]}
09-26 07:30:04.648  3487  3487 W m.didacquiz.app: type=1400 audit(0.0:18): avc:  denied  { read } for  name="max_map_count" dev="proc" ino=56744 scontext=u:r:untrusted_app:s0:c192,c256,c512,c768 tcontext=u:object_r:proc_max_map_count:s0 tclass=file permissive=0 app=com.didacquiz.app
09-26 07:30:04.780   520   810 I SdkSandboxManager: No SDKs used. Skipping SDK data reconcilation for CallingInfo{mUid=10192, mPackageName='com.didacquiz.app, mAppProcessToken='null'}
09-26 07:30:04.790  3487  3549 I flutter : [IMPORTANT:flutter/shell/platform/android/android_context_gl_impeller.cc(104)] Using the Impeller rendering backend (OpenGLES).
09-26 07:30:05.338  3487  3487 I flutter : [didacquiz] inicio
09-26 07:30:05.402  1055  1055 D CarrierSvcBindHelper: onPackageModified: com.didacquiz.app
09-26 07:30:05.411  1055  1347 D ImsResolver: maybeAddedImsService, packageName: com.didacquiz.app
09-26 07:30:05.453   520  1836 D CoreBackPreview: Window{6011a9e u0 com.didacquiz.app/com.didacquiz.didac_quiz.MainActivity}: Setting back callback OnBackInvokedCallbackInfo{mCallback=android.window.IOnBackInvokedCallback$Stub$Proxy@2b85a6c, mPriority=0, mIsAnimationCallback=false}
09-26 07:30:06.468  3487  3487 I flutter : [didacquiz] supabase listo
09-26 07:30:06.474  3487  3487 D nativeloader: Configuring clns-7 for other apk . target_sdk_version=36, uses_libraries=, library_path=/data/app/~~NhrycEVacEIrTuYoyFqgrg==/com.didacquiz.app-fX-x2-Fcfylvjrdw9CZx2w==/lib/x86_64:/data/app/~~NhrycEVacEIrTuYoyFqgrg==/com.didacquiz.app-fX-x2-Fcfylvjrdw9CZx2w==/base.apk!/lib/x86_64, permitted_path=/data:/mnt/expand:/data/user/0/com.didacquiz.app
09-26 07:30:06.948   520   908 W InputManager-JNI: Input channel object '6011a9e com.didacquiz.app/com.didacquiz.didac_quiz.MainActivity (client)' was disposed without first being removed with the input manager!
09-26 07:30:06.978   520  2420 I WindowManager: setOnBackInvokedCallback(): No window state for package:com.didacquiz.app
09-26 07:30:07.162  3487  3696 I flutter : [IMPORTANT:flutter/shell/platform/android/android_context_gl_impeller.cc(104)] Using the Impeller rendering backend (OpenGLES).
09-26 07:30:07.204  1055  1055 D CarrierSvcBindHelper: onPackageModified: com.didacquiz.app
09-26 07:30:07.210  1055  1347 D ImsResolver: maybeAddedImsService, packageName: com.didacquiz.app
09-26 07:30:07.593  3487  3487 I flutter : [didacquiz] inicio
09-26 07:30:07.718  3487  3487 I flutter : [didacquiz] supabase listo
09-26 07:30:07.729   520  2417 D CoreBackPreview: Window{b189a62 u0 com.didacquiz.app/com.didacquiz.didac_quiz.MainActivity}: Setting back callback OnBackInvokedCallbackInfo{mCallback=android.window.IOnBackInvokedCallback$Stub$Proxy@3f4c99, mPriority=0, mIsAnimationCallback=false}
09-26 07:30:09.957   520  2251 I WindowManager: finishDrawing of relaunch: Window{b189a62 u0 com.didacquiz.app/com.didacquiz.didac_quiz.MainActivity} 5364ms
09-26 07:30:09.994  3487  3487 I flutter : [didacquiz] sesión lista (invitado: true)
09-26 07:30:10.132   520  2417 W InputManager-JNI: Input channel object 'cbf5bd5 Splash Screen com.didacquiz.app (client)' was disposed without first being removed with the input manager!
09-26 07:30:10.180   520  1836 D CoreBackPreview: Window{cbf5bd5 u0 Splash Screen com.didacquiz.app EXITING}: Setting back callback null
09-26 07:30:10.249   520   539 I ActivityTaskManager: Displayed com.didacquiz.app/com.didacquiz.didac_quiz.MainActivity for user 0: +6s259ms
09-26 07:30:10.250   520   539 I ActivityTaskManager: Fully drawn com.didacquiz.app/com.didacquiz.didac_quiz.MainActivity: +6s259ms
09-26 07:30:10.254   520  2251 I ImeTracker: com.didacquiz.app:cc7c9ca0: onRequestHide at ORIGIN_SERVER_HIDE_INPUT reason HIDE_UNSPECIFIED_WINDOW
09-26 07:30:10.254   520  2251 I ImeTracker: com.didacquiz.app:cc7c9ca0: onCancelled at PHASE_SERVER_SHOULD_HIDE
09-26 07:30:10.379  3487  3487 I flutter : [didacquiz] perfil: -
09-26 07:30:10.443  1558  1558 I GoogleInputMethodService: GoogleInputMethodService.onStartInput():1877 onStartInput(EditorInfo{inputType=0x0(NULL) imeOptions=0x0 privateImeOptions=null actionName=UNSPECIFIED actionLabel=null actionId=0 initialSelStart=-1 initialSelEnd=-1 initialCapsMode=0x0 hintText=null label=null packageName=com.didacquiz.app fieldId=0 fieldName=null extras=null}, false)
09-26 07:30:10.602  3487  3916 D ProfileInstaller: Installing profile for com.didacquiz.app
09-26 07:30:10.823  3487  3904 W m.didacquiz.app: Entry not found
09-26 07:30:11.138  3487  3949 I cr_VariationsUtils: Failed reading seed file "/data/user/0/com.didacquiz.app/app_webview/variations_seed_new"
09-26 07:30:11.138  3487  3949 I cr_VariationsUtils: Failed reading seed file "/data/user/0/com.didacquiz.app/app_webview/variations_seed"
09-26 07:30:11.415   520   550 I ActivityManager: Start proc 3957:com.google.android.webview:sandboxed_process0:org.chromium.content.app.SandboxedProcessService0:0/u0ai9000 for  {com.didacquiz.app/org.chromium.content.app.SandboxedProcessService0:0}
09-26 07:30:11.534   843   843 I SafetyLabelChangedBroadcastReceiver: received broadcast packageName: com.didacquiz.app, current user: UserHandle{0}, packageChangeEvent: NEW_INSTALL, intent user: UserHandle{0}
09-26 07:30:12.721   520  2251 D ConnectivityService: requestNetwork for uid/pid:10192/3487 activeRequest: null callbackRequest: 108 [NetworkRequest [ REQUEST id=109, [ Capabilities: INTERNET&NOT_RESTRICTED&TRUSTED&NOT_VCN_MANAGED Uid: 10192 RequestorUid: 10192 RequestorPkg: com.didacquiz.app UnderlyingNetworks: Null] ]] callback flags: 0 order: 2147483647
09-26 07:30:12.724   520   762 D WifiNetworkFactory: got request NetworkRequest [ REQUEST id=109, [ Capabilities: INTERNET&NOT_RESTRICTED&TRUSTED&NOT_VCN_MANAGED Uid: 10192 RequestorUid: 10192 RequestorPkg: com.didacquiz.app UnderlyingNetworks: Null] ]
09-26 07:30:12.724   520   762 D UntrustedWifiNetworkFactory: got request NetworkRequest [ REQUEST id=109, [ Capabilities: INTERNET&NOT_RESTRICTED&TRUSTED&NOT_VCN_MANAGED Uid: 10192 RequestorUid: 10192 RequestorPkg: com.didacquiz.app UnderlyingNetworks: Null] ]
09-26 07:30:12.724   520   762 D OemPaidWifiNetworkFactory: got request NetworkRequest [ REQUEST id=109, [ Capabilities: INTERNET&NOT_RESTRICTED&TRUSTED&NOT_VCN_MANAGED Uid: 10192 RequestorUid: 10192 RequestorPkg: com.didacquiz.app UnderlyingNetworks: Null] ]
09-26 07:30:12.724   520   762 D MultiInternetWifiNetworkFactory: got request NetworkRequest [ REQUEST id=109, [ Capabilities: INTERNET&NOT_RESTRICTED&TRUSTED&NOT_VCN_MANAGED Uid: 10192 RequestorUid: 10192 RequestorPkg: com.didacquiz.app UnderlyingNetworks: Null] ]
09-26 07:30:12.876   520  1844 D ConnectivityService: requestNetwork for uid/pid:10192/3487 activeRequest: null callbackRequest: 111 [NetworkRequest [ REQUEST id=112, [ Capabilities: INTERNET&NOT_RESTRICTED&TRUSTED&NOT_VCN_MANAGED Uid: 10192 RequestorUid: 10192 RequestorPkg: com.didacquiz.app UnderlyingNetworks: Null] ]] callback flags: 0 order: 2147483647
09-26 07:30:12.878   520   762 D WifiNetworkFactory: got request NetworkRequest [ REQUEST id=112, [ Capabilities: INTERNET&NOT_RESTRICTED&TRUSTED&NOT_VCN_MANAGED Uid: 10192 RequestorUid: 10192 RequestorPkg: com.didacquiz.app UnderlyingNetworks: Null] ]
09-26 07:30:12.878   520   762 D UntrustedWifiNetworkFactory: got request NetworkRequest [ REQUEST id=112, [ Capabilities: INTERNET&NOT_RESTRICTED&TRUSTED&NOT_VCN_MANAGED Uid: 10192 RequestorUid: 10192 RequestorPkg: com.didacquiz.app UnderlyingNetworks: Null] ]
09-26 07:30:12.878   520   762 D OemPaidWifiNetworkFactory: got request NetworkRequest [ REQUEST id=112, [ Capabilities: INTERNET&NOT_RESTRICTED&TRUSTED&NOT_VCN_MANAGED Uid: 10192 RequestorUid: 10192 RequestorPkg: com.didacquiz.app UnderlyingNetworks: Null] ]
09-26 07:30:12.878   520   762 D MultiInternetWifiNetworkFactory: got request NetworkRequest [ REQUEST id=112, [ Capabilities: INTERNET&NOT_RESTRICTED&TRUSTED&NOT_VCN_MANAGED Uid: 10192 RequestorUid: 10192 RequestorPkg: com.didacquiz.app UnderlyingNetworks: Null] ]
09-26 07:30:13.300  1655  1655 I AiAiEcho: AppFetcherImplV2 updateApps package:[com.didacquiz.app], userId:[0], reason:[package is added.].
09-26 07:30:14.141  3487  3487 I flutter : [didacquiz] anuncios listos
09-26 07:30:14.291  1655  1655 I AiAiEcho: AppFetcherImpl onPackageChanged com.didacquiz.app.
09-26 07:30:14.301  1655  2914 I AiAiEcho: AppIndexer Package:[com.didacquiz.app] UserProfile:[0] Enabled:[true].
09-26 07:30:14.301  1655  2914 I AiAiEcho: AppFetcherImplV2 updateApps package:[com.didacquiz.app], userId:[0], reason:[package is updated.].
09-26 07:30:14.693  1655  1655 I AiAiEcho: AppFetcherImpl onPackageChanged com.didacquiz.app.
09-26 07:30:14.694  1655  3393 I AiAiEcho: AppIndexer Package:[com.didacquiz.app] UserProfile:[0] Enabled:[true].
09-26 07:30:14.694  1655  3393 I AiAiEcho: AppFetcherImplV2 updateApps package:[com.didacquiz.app], userId:[0], reason:[package is updated.].
09-26 07:30:17.582  1475  3749 I BlockstoreStorage: Clearing Blockstore Data for package com.didacquiz.app [CONTEXT service_id=258 ]
