Descargando películas de Wikidata…
  1895-1930: 147 películas acumuladas
  1930-1940: 390 películas acumuladas
  1940-1950: 676 películas acumuladas
  1950-1960: 1133 películas acumuladas
  1960-1970: 1675 películas acumuladas
  1970-1980: 2283 películas acumuladas
  1980-1990: 3113 películas acumuladas
  1990-2000: 4377 películas acumuladas
  2000-2010: 6427 películas acumuladas
  2010-2020: 8548 películas acumuladas
  2020-2030: 9388 películas acumuladas
  detalles: 100/9388
  detalles: 2100/9388
  detalles: 4100/9388
  detalles: 6100/9388
  detalles: 8100/9388
  fotos de lugares de rodaje: 1134
  imágenes de dominio público: 10
9342 películas guardadas en data/films.json
  música: 26 piezas con grabación libre
  emojis: 100 películas procesadas
  emojis: 200 películas procesadas
  emojis: 300 películas procesadas
  emojis: 400 películas procesadas
  emojis: 500 películas procesadas
  emojis: 600 películas procesadas
Válidas: 84992 · descartadas: 145 · para revisar a mano: 0
Por dificultad: {1: 10142, 2: 23044, 3: 51806} · por formato: {'choice': 44998, 'decade': 9342, 'true_false': 10527, 'intruder': 10373, 'clues': 7904, 'image_reveal': 10, 'image_choice': 380, 'emoji': 579, 'order': 827, 'audio': 52}
  medios copiados: 442/442
Preguntas tras copiar medios: 84992
Se sustituirán los retos desde el 2026-09-27.
Calendario: 2026-09-27 → 2027-09-26 (365 retos)
  medios copiados: 46/46
Subidas 3650 preguntas y 365 retos.
