Descargando películas de Wikidata…
  1895-1930: 147 películas acumuladas
  1930-1940: 390 películas acumuladas
  1940-1950: 676 películas acumuladas
  1950-1960: 1133 películas acumuladas
  1960-1970: 1675 películas acumuladas
  1970-1980: 2283 películas acumuladas
  1980-1990: 3113 películas acumuladas
  1990-2000: 4377 películas acumuladas
  2000-2010: 6427 películas acumuladas
  2010-2020: 8548 películas acumuladas
  2020-2030: 9388 películas acumuladas
  detalles: 100/9388
  detalles: 2100/9388
  detalles: 4100/9388
  detalles: 6100/9388
  detalles: 8100/9388
  fotos de lugares de rodaje: 1134
  imágenes de dominio público: 10
9342 películas guardadas en data/films.json
  música: 26 piezas con grabación libre
Válidas: 84439 · descartadas: 138 · para revisar a mano: 0
Por dificultad: {1: 9573, 2: 23055, 3: 51811} · por formato: {'choice': 44999, 'decade': 9342, 'true_false': 10527, 'intruder': 10375, 'clues': 7904, 'image_reveal': 10, 'image_choice': 380, 'order': 850, 'audio': 52}

== Muestra de preguntas ==
Counter({'year': 19369, 'director': 11131, 'cast': 8778, 'cast_intruder': 8586, 'composer': 8575, 'clues': 7904, 'writer': 4775, 'actor_by_character': 2964, 'character': 2841, 'country': 2485, 'book_author': 2280, 'filmed_in': 1603, 'awards': 1287, 'longest': 728, 'based_on': 445, 'location_photo': 380, 'saga_order': 165, 'saga_next': 81, 'music_film': 26, 'music_piece': 26, 'still': 10})
[actor_by_character d3] ¿Quién da vida a François Marneau en «Marchar o morir»?
   Max von Sydow | Dolph Lundgren | Wilt Chamberlain | Helen Hayes
   -> 0
[actor_by_character d2] ¿Quién da vida a Susan Cooper en «Spy»?
   Steve Carell | Melissa McCarthy | Cobie Smulders | Claire Holt
   -> 1
[actor_by_character d3] ¿Quién da vida a Joffrey de Peyrac en «Angélique, marquise des anges»?
   Robert Hossein | Herbert Lom | Sarah Miles | Victor Sjöström
   -> 0
[awards d1] «Siete años en el Tíbet» ganó el Oscar a la mejor película.
   Verdadero | Falso
   -> 1
[awards d1] «Todos los hombres del presidente» ganó el Oscar a la mejor película.
   Verdadero | Falso
   -> 1
[awards d1] «Kingsman: The Secret Service» ganó el Oscar a la mejor película.
   Verdadero | Falso
   -> 1
[based_on d3] ¿En qué obra literaria se basa «The Tale of Tales» (2015)?
   «Robinson Crusoe» | «Skipping Christmas» | «Pentamerón» | «Pregúntale al polvo»
   -> 2
[based_on d3] ¿En qué obra literaria se basa «U Turn» (1997)?
   «We Were Soldiers Once… And Young» | «The Rum Diary» | «Stray Dogs» | «Heaven Has No Favorites»
   -> 2
[based_on d3] ¿En qué obra literaria se basa «Mujer blanca soltera busca» (1992)?
   «SWF Seeks Same» | «El mundo encantado de Ela» | «El Capitán Calzoncillos» | «Molly's Game»
   -> 0
[book_author d3] «Invictus» (2009) adapta una obra literaria. ¿Quién la escribió?
   Gary K. Wolf | Rebecca Wells | Mark Medoff | John Carlin
   -> 3
[book_author d3] «Somewhere in Time» (1980) adapta una obra literaria. ¿Quién la escribió?
   L. Ron Hubbard | René Goscinny | Richard Matheson | Dino Buzzati
   -> 2
[book_author d3] «Harper» (1966) adapta una obra literaria. ¿Quién la escribió?
   Ross Macdonald | T. H. White | John W. Campbell | Anthony Hope
   -> 0
[cast d2] ¿Quién aparece en el reparto de «To Rome with Love» (2012)?
   Woody Allen | Jackie Chan | Johnny Depp | Anggun
   -> 0
[cast d3] ¿Quién aparece en el reparto de «Demasiado tarde» (1949)?
   Olivia de Havilland | Debbie Reynolds | Ava Gardner | Jean Gabin
   -> 3
[cast d1] ¿Quién aparece en el reparto de «El hombre de acero» (2013)?
   Serena Williams | Jim Carrey | Russell Crowe | Keanu Reeves
   -> 2
[cast_intruder d3] ¿Qué actor o actriz NO aparece en «Suffragette» (2015)?
   Helena Bonham Carter | Julia Roberts | Meryl Streep | Carey Mulligan
   -> 1
[cast_intruder d3] ¿Qué actor o actriz NO aparece en «Tol'able David» (1921)?
   Conrad Veidt | Gladys Hulette | Richard Barthelmess | Ernest Torrence
   -> 0
[cast_intruder d3] ¿Qué actor o actriz NO aparece en «The Discovery» (2017)?
   Rooney Mara | Robert Redford | Jason Segel | Donald Sutherland
   -> 3
[character d3] ¿A qué personaje interpreta Ian Hart en «El inglés que subió una colina pero bajó una montaña»?
   Johnny Shellshocked | Anna Holtz | Jon Swain | Gendarme Ludovic Cruchot
   -> 0
[character d1] ¿A qué personaje interpreta Al Pacino en «The Godfather Part III»?
   Violet Beauregarde | Michael Corleone | Apollo Creed | Sandra Goodwin
   -> 1
[character d1] ¿A qué personaje interpreta Eddie Redmayne en «Les Misérables»?
   Margaret White | Marian Loxley | Marius Pontmercy | Paul Hunham
   -> 2
[clues d3] 🎬 2023 · 🎥 Dirigida por Emerald Fennell · ⭐ Con Rosamund Pike. ¿Qué película es?
   «Old» | «Borderlands» | «Saltburn» | «Amigos imaginarios»
   -> 2
[clues d2] 🎬 1958 · 🎥 Dirigida por Akira Kurosawa · ⭐ Con Toshirō Mifune. ¿Qué película es?
   «La fortaleza escondida» | «Invasion of the Body Snatchers» | «Funny Face» | «El año pasado en Marienbad»
   -> 0
[clues d3] 🎬 2020 · 🎥 Dirigida por David Bruckner · ⭐ Con Rebecca Hall. ¿Qué película es?
   «Detroit» | «La casa oscura» | «Zashchitniki» | «Kung Fu Yoga»
   -> 1
[composer d3] ¿Quién compuso la banda sonora de «Freddy contra Jason» (2003)?
   Warren Ellis | Andrew W.K. | Graeme Revell | Glen Ballard
   -> 2
[composer d3] ¿Quién compuso la banda sonora de «La senda tenebrosa» (1947)?
   Franz Waxman | Mario Castelnuovo-Tedesco | Mel Tormé | Xavier Cugat
   -> 0
[composer d3] ¿Quién compuso la banda sonora de «Bola de fuego» (1941)?
   Max Steiner | Alfred Newman | Georges Auric | Elmer Bernstein
   -> 1
[country d3] ¿De qué país es «Los locos del aire» (1939)?
   Suecia | RAE de Hong Kong (China) | Estados Unidos | Reino Unido
   -> 2
[country d3] ¿De qué país es «Lady and the Tramp», de Charlie Bean (2019)?
   Estados Unidos | México | Italia | Reino Unido
   -> 0
[country d3] ¿De qué país es «Safety Last!» (1923)?
   Suecia | Estados Unidos | RAE de Hong Kong (China) | India
   -> 1
[director d3] ¿Quién dirigió «Planeta rojo» (2000)?
   James Yukich | Antony Hoffman | Kelly Makin | Tony Cervone
   -> 1
[director d3] ¿Quién dirigió «The Vanishing» (1993)?
   Jerry Paris | George Sluizer | Mary Lambert | Aleksandr Alov
   -> 1
[director d3] ¿Quién dirigió «Hysteria» (2011)?
   Thomas Carter | Ash Brannon | Scott Spiegel | Tanya Wexler
   -> 3
[filmed_in d3] ¿En cuál de estos países se rodó parte de «The Last Duel» (2021)?
   Suecia | Nueva Zelanda | Francia | China
   -> 2
[filmed_in d3] ¿En cuál de estos países se rodó parte de «Tierra de faraones» (1955)?
   Irlanda | RAE de Hong Kong (China) | Alemania | Egipto
   -> 3
[filmed_in d3] ¿En cuál de estos países se rodó parte de «A Good Day to Die Hard» (2013)?
   Japón | Dinamarca | Hungría | México
   -> 2
[location_photo d2] 📍 ¿Qué película se rodó en este lugar?
   «Orgullo y prejuicio» | «The Notebook» | «Open Season» | «Armagedón»
   -> 3
[location_photo d3] 📍 ¿Qué película se rodó en este lugar?
   «We Were Soldiers» | «Il Postino» | «Mar adentro» | «I am Sam»
   -> 2
[location_photo d2] 📍 ¿Qué película se rodó en este lugar?
   «El gato con botas» | «The Wolverine» | «Good Bye» | «Wallace & Gromit: The Curse of the Were-Rabbit»
   -> 1
[longest d3] ¿Cuál de estas películas dura más?
   «El pasado» | «Khumba» | «La gran belleza» | «Mandariinid»
   -> 2
[longest d3] ¿Cuál de estas películas dura más?
   «1492: la conquista del paraíso» | «Reservoir Dogs» | «Unforgiven» | «Alien³»
   -> 0
[longest d2] ¿Cuál de estas películas dura más?
   «About Schmidt» | «Gangs of New York» | «Blade II» | «The Bourne Identity»
   -> 1
[music_film d2] 🎵 Escucha: ¿en qué película famosa suena esta pieza?
   «El circo» | «Frankenstein» | «The Jazz Singer» | «M»
   -> 3
[music_film d2] 🎵 Escucha: ¿en qué película famosa suena esta pieza?
   «La hora del lobo» | «Giulietta de los espíritus» | «10» | «Satiricón»
   -> 2
[music_film d2] 🎵 Escucha: ¿en qué película famosa suena esta pieza?
   «Underground» | «Sobreviven» | «Working Girl» | «The Royal Tenenbaums»
   -> 3
[music_piece d2] 🎵 Suena en «El pianista». ¿Qué pieza es?
   Ave María de Schubert (Franz Schubert) | El aprendiz de brujo (Paul Dukas) | Balada n.º 1 (Frédéric Chopin) | El vuelo del moscardón (Nikolái Rimski-Kórsakov)
   -> 2
[music_piece d2] 🎵 Suena en «Una habitación con vistas». ¿Qué pieza es?
   O mio babbino caro (Giacomo Puccini) | Gymnopédie n.º 1 (Erik Satie) | Ave María de Schubert (Franz Schubert) | El aprendiz de brujo (Paul Dukas)
   -> 0
[music_piece d2] 🎵 Suena en «2001: A Space Odyssey». ¿Qué pieza es?
   El lago de los cisnes (Piotr Ilich Chaikovski) | Canon de Pachelbel (Johann Pachelbel) | Allegretto de la Séptima sinfonía (Ludwig van Beethoven) | Así habló Zaratustra (Richard Strauss)
   -> 3
[saga_next d2] En la saga «Crepúsculo: La saga», ¿qué película llegó justo después de «Crepúsculo» (2008)?
   «The Twilight Saga: New Moon» | «The Twilight Saga: Breaking Dawn – Part 1» | «The Twilight Saga: Breaking Dawn – Part 2» | «The Twilight Saga: Eclipse»
   -> 0
[saga_next d3] En la saga «REC», ¿qué película llegó justo después de «REC 2» (2009)?
   «Siete psicópatas» | «REC 4: Apocalipsis» | «REC» | «REC 3: Génesis»
   -> 3
[saga_next d3] En la saga «serie de películas Mad Max», ¿qué película llegó justo después de «Mad Max 2» (1981)?
   «Furiosa» | «Mad Max» | «Mad Max: Fury Road» | «Mad Max Beyond Thunderdome»
   -> 3
[saga_order d2] Saga «The Evil Dead (franquicia)»: ordena estas películas por fecha de estreno.
   «Evil Dead Rise» | «Evil Dead II» | «Evil Dead» | «The Evil Dead»
   -> [3, 1, 2, 0]
[saga_order d3] Saga «After»: ordena estas películas por fecha de estreno.
   «After: almas perdidas» | «After» | «After We Collided»
   -> [1, 2, 0]
[saga_order d3] Saga «The Santa Clause»: ordena estas películas por fecha de estreno.
   «The Santa Clause 2» | «The Santa Clause 3: The Escape Clause» | «The Santa Clause»
   -> [2, 0, 1]
[still d3] 🎞️ ¿A qué película pertenece esta imagen?
   «20,000 Leagues Under the Sea» | «The Bank» | «Las dos huérfanas» | «Der müde Tod»
   -> 0
[still d2] 🎞️ ¿A qué película pertenece esta imagen?
   «Lirios rotos» | «Körkarlen» | «Los cuatro jinetes del Apocalipsis» | «El último»
   -> 0
[still d3] 🎞️ ¿A qué película pertenece esta imagen?
   «Anders als die Andern» | «Ana Karenina» | «El Foto-drama de la Creación» | «El padre Sergio»
   -> 2
[writer d3] ¿Quién escribió el guion de «Punto de quiebre» (2015)?
   Kurt Wimmer | Guinevere Turner | Brian Helgeland | Rebecca Miller
   -> 0
[writer d3] ¿Quién escribió el guion de «Red Sonja» (1985)?
   Viktoria Tókareva | George MacDonald Fraser | Tommy Lee Wallace | I. A. L. Diamond
   -> 1
[writer d3] ¿Quién escribió el guion de «Misión a Marte» (2000)?
   Mark Peploe | Chris Conrad | Ronald Shusett | Graham Yost
   -> 3
[year d1] «Up in the Air» se estrenó en 2012.
   Verdadero | Falso
   -> 1
[year d2] Ordena estas películas de la más antigua a la más reciente.
   «Johnny Guitar» | «Ghostbusters: Afterlife» | «Sin amor» | «Horton Hears a Who!»
   -> [0, 3, 2, 1]
[year d3] «1944» se estrenó en 2015.
   Verdadero | Falso
   -> 0

== Motivos de descarte ==
[('opción vacía (es)', 120), ('opción vacía (en)', 120), ('opciones repetidas (en)', 16), ('opciones repetidas (es)', 15)]
Calendario: 2027-01-01 → 2027-12-31 (365 retos)
